../Core/Src/main.c:99:6:microDelay	24	static
../Core/Src/main.c:120:6:stepInit	8	static
../Core/Src/main.c:136:6:stepEnable	16	static
../Core/Src/main.c:163:6:stepSteps	16	static
../Core/Src/main.c:217:6:runTrapezoidalMotion	48	static
../Core/Src/main.c:272:6:HAL_TIM_PeriodElapsedCallback	16	static
../Core/Src/main.c:303:5:main	16	static
../Core/Src/main.c:414:6:SystemClock_Config	88	static
../Core/Src/main.c:461:13:MX_TIM11_Init	8	static
../Core/Src/main.c:492:13:MX_USART2_UART_Init	8	static
../Core/Src/main.c:525:13:MX_GPIO_Init	48	static
../Core/Src/main.c:578:1:__io_putchar	16	static
../Core/Src/main.c:584:1:__io_getchar	16	static
../Core/Src/main.c:597:6:Error_Handler	4	static,ignoring_inline_asm
