../Core/Src/main.c:82:6:getUserName	24	static
../Core/Src/main.c:98:6:getUserHeight	40	static
../Core/Src/main.c:115:6:getUserWeight	40	static
../Core/Src/main.c:132:6:calculateBMI	16	static
../Core/Src/main.c:137:6:displayUserBMI	56	static
../Core/Src/main.c:159:5:main	56	static
../Core/Src/main.c:256:6:SystemClock_Config	96	static
../Core/Src/main.c:317:13:MX_SPI1_Init	8	static
../Core/Src/main.c:357:13:MX_USART2_UART_Init	8	static
../Core/Src/main.c:392:13:MX_GPIO_Init	40	static
../Core/Src/main.c:421:6:Error_Handler	4	static,ignoring_inline_asm
