../Core/Src/main.c:97:6:changeSpeakerFrequency	32	static
../Core/Src/main.c:127:6:turnOffSpeaker	8	static
../Core/Src/main.c:142:6:playCorrectSound	8	static
../Core/Src/main.c:166:6:playWrongSound	8	static
../Core/Src/main.c:190:6:checkPassCode	24	static
../Core/Src/main.c:212:9:checkOwnerCode	24	static
../Core/Src/main.c:233:6:setLed	16	static
../Core/Src/main.c:269:6:resetPassCode	40	static
../Core/Src/main.c:332:5:main	24	static
../Core/Src/main.c:431:6:SystemClock_Config	96	static
../Core/Src/main.c:492:13:MX_TIM1_Init	112	static
../Core/Src/main.c:572:13:MX_USART2_UART_Init	8	static
../Core/Src/main.c:607:13:MX_GPIO_Init	40	static
../Core/Src/main.c:650:6:Error_Handler	4	static,ignoring_inline_asm
