../Core/Src/main.c:94:7:adcConvertVoltage	16	static
../Core/Src/main.c:111:7:getTemp	16	static
../Core/Src/main.c:128:6:HAL_ADC_ConvCpltCallback	16	static
../Core/Src/main.c:149:5:main	112	static
../Core/Src/main.c:203:6:SystemClock_Config	88	static
../Core/Src/main.c:250:13:MX_ADC1_Init	24	static
../Core/Src/main.c:330:13:MX_USART2_UART_Init	8	static
../Core/Src/main.c:361:13:MX_DMA_Init	16	static
../Core/Src/main.c:379:13:MX_GPIO_Init	48	static
../Core/Src/main.c:412:1:__io_putchar	16	static
../Core/Src/main.c:418:1:__io_getchar	16	static
../Core/Src/main.c:431:6:Error_Handler	4	static,ignoring_inline_asm
