../Core/Src/main.c:67:6:toggleLED1	8	static
../Core/Src/main.c:73:6:toggleLED2	8	static
../Core/Src/main.c:79:6:toggleLED3	8	static
../Core/Src/main.c:85:6:createIrqTimeout	56	static
../Core/Src/main.c:136:6:HAL_TIM_OC_DelayElapsedCallback	16	static
../Core/Src/main.c:168:5:main	8	static
../Core/Src/main.c:220:6:SystemClock_Config	88	static
../Core/Src/main.c:267:13:MX_TIM3_Init	64	static
../Core/Src/main.c:341:13:MX_USART2_UART_Init	8	static
../Core/Src/main.c:374:13:MX_GPIO_Init	48	static
../Core/Src/main.c:414:6:Error_Handler	4	static,ignoring_inline_asm
