../Core/Src/main.c:119:7:checkIfAmountRec	16	static
../Core/Src/main.c:134:6:displayWelcome	32	static
../Core/Src/main.c:143:6:displayAmount	40	static
../Core/Src/main.c:152:6:displayEnterPin	32	static
../Core/Src/main.c:160:6:displayIncorrectPin	32	static
../Core/Src/main.c:167:6:printReceipt	56	static
../Core/Src/main.c:181:6:displayWaitingBankReply	32	static
../Core/Src/main.c:192:6:displayTransactionCancle	32	static
../Core/Src/main.c:207:6:displayOkCancel	32	static
../Core/Src/main.c:218:6:displayTransactionCancel	32	static
../Core/Src/main.c:230:6:displayCheuqingOrSaving	32	static
../Core/Src/main.c:237:10:getUserPin	16	static
../Core/Src/main.c:248:6:checkPin	16	static
../Core/Src/main.c:260:6:checkBankApprove	24	static
../Core/Src/main.c:285:6:HAL_GPIO_EXTI_Callback	16	static
../Core/Src/main.c:305:6:HAL_TIM_PeriodElapsedCallback	16	static
../Core/Src/main.c:338:5:main	24	static
../Core/Src/main.c:525:6:SystemClock_Config	96	static
../Core/Src/main.c:586:13:MX_SPI1_Init	8	static
../Core/Src/main.c:626:13:MX_TIM1_Init	112	static
../Core/Src/main.c:714:13:MX_TIM2_Init	64	static
../Core/Src/main.c:772:13:MX_USART2_UART_Init	8	static
../Core/Src/main.c:807:13:MX_GPIO_Init	40	static
../Core/Src/main.c:855:6:Error_Handler	4	static,ignoring_inline_asm
